Total calls: 144
[1/144] divergent_thinking/dt_poor_1/P1_rubric/run1 ... ok (617ms)
[2/144] divergent_thinking/dt_poor_1/P1_rubric/run2 ... ok (447ms)
[3/144] divergent_thinking/dt_poor_1/P1_rubric/run3 ... ok (407ms)
[4/144] divergent_thinking/dt_poor_1/P2_naive/run1 ... ok (511ms)
[5/144] divergent_thinking/dt_poor_1/P2_naive/run2 ... ok (459ms)
[6/144] divergent_thinking/dt_poor_1/P2_naive/run3 ... ok (409ms)
[7/144] divergent_thinking/dt_poor_2/P1_rubric/run1 ... ok (450ms)
[8/144] divergent_thinking/dt_poor_2/P1_rubric/run2 ... ok (458ms)
[9/144] divergent_thinking/dt_poor_2/P1_rubric/run3 ... ok (452ms)
[10/144] divergent_thinking/dt_poor_2/P2_naive/run1 ... ok (1810ms)
[11/144] divergent_thinking/dt_poor_2/P2_naive/run2 ... ok (455ms)
[12/144] divergent_thinking/dt_poor_2/P2_naive/run3 ... ok (439ms)
[13/144] divergent_thinking/dt_poor_3/P1_rubric/run1 ... ok (415ms)
[14/144] divergent_thinking/dt_poor_3/P1_rubric/run2 ... ok (664ms)
[15/144] divergent_thinking/dt_poor_3/P1_rubric/run3 ... ok (393ms)
[16/144] divergent_thinking/dt_poor_3/P2_naive/run1 ...   transient 503, backoff 800ms
ok (472ms)
[17/144] divergent_thinking/dt_poor_3/P2_naive/run2 ... ok (401ms)
[18/144] divergent_thinking/dt_poor_3/P2_naive/run3 ... ok (418ms)
[19/144] divergent_thinking/dt_poor_4/P1_rubric/run1 ... ok (394ms)
[20/144] divergent_thinking/dt_poor_4/P1_rubric/run2 ... ok (435ms)
[21/144] divergent_thinking/dt_poor_4/P1_rubric/run3 ... ok (398ms)
[22/144] divergent_thinking/dt_poor_4/P2_naive/run1 ... ok (399ms)
[23/144] divergent_thinking/dt_poor_4/P2_naive/run2 ...   transient 503, backoff 800ms
ok (461ms)
[24/144] divergent_thinking/dt_poor_4/P2_naive/run3 ... ok (391ms)
[25/144] divergent_thinking/dt_mid_1/P1_rubric/run1 ... ok (397ms)
[26/144] divergent_thinking/dt_mid_1/P1_rubric/run2 ... ok (421ms)
[27/144] divergent_thinking/dt_mid_1/P1_rubric/run3 ... ok (395ms)
[28/144] divergent_thinking/dt_mid_1/P2_naive/run1 ... ok (411ms)
[29/144] divergent_thinking/dt_mid_1/P2_naive/run2 ... ok (387ms)
[30/144] divergent_thinking/dt_mid_1/P2_naive/run3 ... ok (559ms)
[31/144] divergent_thinking/dt_mid_2/P1_rubric/run1 ... ok (399ms)
[32/144] divergent_thinking/dt_mid_2/P1_rubric/run2 ...   transient 503, backoff 800ms
ok (425ms)
[33/144] divergent_thinking/dt_mid_2/P1_rubric/run3 ... ok (1180ms)
[34/144] divergent_thinking/dt_mid_2/P2_naive/run1 ...   transient 503, backoff 800ms
ok (371ms)
[35/144] divergent_thinking/dt_mid_2/P2_naive/run2 ... ok (435ms)
[36/144] divergent_thinking/dt_mid_2/P2_naive/run3 ... ok (421ms)
[37/144] divergent_thinking/dt_mid_3/P1_rubric/run1 ... ok (505ms)
[38/144] divergent_thinking/dt_mid_3/P1_rubric/run2 ... ok (385ms)
[39/144] divergent_thinking/dt_mid_3/P1_rubric/run3 ... ok (390ms)
[40/144] divergent_thinking/dt_mid_3/P2_naive/run1 ... ok (398ms)
[41/144] divergent_thinking/dt_mid_3/P2_naive/run2 ... ok (439ms)
[42/144] divergent_thinking/dt_mid_3/P2_naive/run3 ... ok (411ms)
[43/144] divergent_thinking/dt_mid_4/P1_rubric/run1 ... ok (423ms)
[44/144] divergent_thinking/dt_mid_4/P1_rubric/run2 ... ok (410ms)
[45/144] divergent_thinking/dt_mid_4/P1_rubric/run3 ... ok (387ms)
[46/144] divergent_thinking/dt_mid_4/P2_naive/run1 ... ok (430ms)
[47/144] divergent_thinking/dt_mid_4/P2_naive/run2 ... ok (418ms)
[48/144] divergent_thinking/dt_mid_4/P2_naive/run3 ... ok (373ms)
[49/144] divergent_thinking/dt_exc_1/P1_rubric/run1 ... ok (699ms)
[50/144] divergent_thinking/dt_exc_1/P1_rubric/run2 ... ok (366ms)
[51/144] divergent_thinking/dt_exc_1/P1_rubric/run3 ... ok (399ms)
[52/144] divergent_thinking/dt_exc_1/P2_naive/run1 ... ok (396ms)
[53/144] divergent_thinking/dt_exc_1/P2_naive/run2 ... ok (434ms)
[54/144] divergent_thinking/dt_exc_1/P2_naive/run3 ...   transient 503, backoff 800ms
ok (464ms)
[55/144] divergent_thinking/dt_exc_2/P1_rubric/run1 ... ok (451ms)
[56/144] divergent_thinking/dt_exc_2/P1_rubric/run2 ... ok (384ms)
[57/144] divergent_thinking/dt_exc_2/P1_rubric/run3 ... ok (462ms)
[58/144] divergent_thinking/dt_exc_2/P2_naive/run1 ... ok (2150ms)
[59/144] divergent_thinking/dt_exc_2/P2_naive/run2 ... ok (434ms)
[60/144] divergent_thinking/dt_exc_2/P2_naive/run3 ... ok (467ms)
[61/144] divergent_thinking/dt_exc_3/P1_rubric/run1 ...   transient 503, backoff 800ms
ok (405ms)
[62/144] divergent_thinking/dt_exc_3/P1_rubric/run2 ...   transient 503, backoff 800ms
ok (448ms)
[63/144] divergent_thinking/dt_exc_3/P1_rubric/run3 ... ok (397ms)
[64/144] divergent_thinking/dt_exc_3/P2_naive/run1 ... ok (428ms)
[65/144] divergent_thinking/dt_exc_3/P2_naive/run2 ... ok (397ms)
[66/144] divergent_thinking/dt_exc_3/P2_naive/run3 ... ok (421ms)
[67/144] divergent_thinking/dt_exc_4/P1_rubric/run1 ... ok (425ms)
[68/144] divergent_thinking/dt_exc_4/P1_rubric/run2 ... ok (377ms)
[69/144] divergent_thinking/dt_exc_4/P1_rubric/run3 ... ok (443ms)
[70/144] divergent_thinking/dt_exc_4/P2_naive/run1 ...   transient 503, backoff 800ms
ok (380ms)
[71/144] divergent_thinking/dt_exc_4/P2_naive/run2 ... ok (396ms)
[72/144] divergent_thinking/dt_exc_4/P2_naive/run3 ... ok (400ms)
[73/144] reflection/ref_poor_1/P1_rubric/run1 ... ok (574ms)
[74/144] reflection/ref_poor_1/P1_rubric/run2 ... ok (1151ms)
[75/144] reflection/ref_poor_1/P1_rubric/run3 ...   transient 503, backoff 800ms
ok (313ms)
[76/144] reflection/ref_poor_1/P2_naive/run1 ... ok (346ms)
[77/144] reflection/ref_poor_1/P2_naive/run2 ... ok (583ms)
[78/144] reflection/ref_poor_1/P2_naive/run3 ... ok (299ms)
[79/144] reflection/ref_poor_2/P1_rubric/run1 ... ok (302ms)
[80/144] reflection/ref_poor_2/P1_rubric/run2 ... ok (329ms)
[81/144] reflection/ref_poor_2/P1_rubric/run3 ... ok (928ms)
[82/144] reflection/ref_poor_2/P2_naive/run1 ... ok (365ms)
[83/144] reflection/ref_poor_2/P2_naive/run2 ...   transient 503, backoff 800ms
ok (383ms)
[84/144] reflection/ref_poor_2/P2_naive/run3 ... ok (323ms)
[85/144] reflection/ref_poor_3/P1_rubric/run1 ... ok (337ms)
[86/144] reflection/ref_poor_3/P1_rubric/run2 ... ok (426ms)
[87/144] reflection/ref_poor_3/P1_rubric/run3 ... ok (308ms)
[88/144] reflection/ref_poor_3/P2_naive/run1 ... ok (803ms)
[89/144] reflection/ref_poor_3/P2_naive/run2 ... ok (310ms)
[90/144] reflection/ref_poor_3/P2_naive/run3 ... ok (405ms)
[91/144] reflection/ref_poor_4/P1_rubric/run1 ... ok (340ms)
[92/144] reflection/ref_poor_4/P1_rubric/run2 ... ok (350ms)
[93/144] reflection/ref_poor_4/P1_rubric/run3 ... ok (364ms)
[94/144] reflection/ref_poor_4/P2_naive/run1 ... ok (334ms)
[95/144] reflection/ref_poor_4/P2_naive/run2 ... ok (321ms)
[96/144] reflection/ref_poor_4/P2_naive/run3 ... ok (306ms)
[97/144] reflection/ref_mid_1/P1_rubric/run1 ... ok (387ms)
[98/144] reflection/ref_mid_1/P1_rubric/run2 ... ok (420ms)
[99/144] reflection/ref_mid_1/P1_rubric/run3 ... ok (359ms)
[100/144] reflection/ref_mid_1/P2_naive/run1 ... ok (1172ms)
[101/144] reflection/ref_mid_1/P2_naive/run2 ... ok (368ms)
[102/144] reflection/ref_mid_1/P2_naive/run3 ... ok (319ms)
[103/144] reflection/ref_mid_2/P1_rubric/run1 ... ok (316ms)
[104/144] reflection/ref_mid_2/P1_rubric/run2 ... ok (316ms)
[105/144] reflection/ref_mid_2/P1_rubric/run3 ... ok (288ms)
[106/144] reflection/ref_mid_2/P2_naive/run1 ... ok (340ms)
[107/144] reflection/ref_mid_2/P2_naive/run2 ... ok (386ms)
[108/144] reflection/ref_mid_2/P2_naive/run3 ...   transient 503, backoff 800ms
ok (830ms)
[109/144] reflection/ref_mid_3/P1_rubric/run1 ... ok (341ms)
[110/144] reflection/ref_mid_3/P1_rubric/run2 ... ok (335ms)
[111/144] reflection/ref_mid_3/P1_rubric/run3 ... ok (317ms)
[112/144] reflection/ref_mid_3/P2_naive/run1 ... ok (330ms)
[113/144] reflection/ref_mid_3/P2_naive/run2 ... ok (313ms)
[114/144] reflection/ref_mid_3/P2_naive/run3 ... ok (412ms)
[115/144] reflection/ref_mid_4/P1_rubric/run1 ... ok (320ms)
[116/144] reflection/ref_mid_4/P1_rubric/run2 ... ok (279ms)
[117/144] reflection/ref_mid_4/P1_rubric/run3 ... ok (328ms)
[118/144] reflection/ref_mid_4/P2_naive/run1 ... ok (332ms)
[119/144] reflection/ref_mid_4/P2_naive/run2 ... ok (320ms)
[120/144] reflection/ref_mid_4/P2_naive/run3 ... ok (318ms)
[121/144] reflection/ref_exc_1/P1_rubric/run1 ...   transient 503, backoff 800ms
ok (337ms)
[122/144] reflection/ref_exc_1/P1_rubric/run2 ... ok (377ms)
[123/144] reflection/ref_exc_1/P1_rubric/run3 ... ok (344ms)
[124/144] reflection/ref_exc_1/P2_naive/run1 ... ok (299ms)
[125/144] reflection/ref_exc_1/P2_naive/run2 ... ok (386ms)
[126/144] reflection/ref_exc_1/P2_naive/run3 ... ok (320ms)
[127/144] reflection/ref_exc_2/P1_rubric/run1 ... ok (2710ms)
[128/144] reflection/ref_exc_2/P1_rubric/run2 ... ok (564ms)
[129/144] reflection/ref_exc_2/P1_rubric/run3 ... ok (360ms)
[130/144] reflection/ref_exc_2/P2_naive/run1 ... ok (321ms)
[131/144] reflection/ref_exc_2/P2_naive/run2 ...   transient 503, backoff 800ms
ok (365ms)
[132/144] reflection/ref_exc_2/P2_naive/run3 ... ok (360ms)
[133/144] reflection/ref_exc_3/P1_rubric/run1 ... ok (353ms)
[134/144] reflection/ref_exc_3/P1_rubric/run2 ... ok (986ms)
[135/144] reflection/ref_exc_3/P1_rubric/run3 ... ok (600ms)
[136/144] reflection/ref_exc_3/P2_naive/run1 ... ok (324ms)
[137/144] reflection/ref_exc_3/P2_naive/run2 ... ok (489ms)
[138/144] reflection/ref_exc_3/P2_naive/run3 ... ok (335ms)
[139/144] reflection/ref_exc_4/P1_rubric/run1 ... ok (324ms)
[140/144] reflection/ref_exc_4/P1_rubric/run2 ... ok (421ms)
[141/144] reflection/ref_exc_4/P1_rubric/run3 ... ok (366ms)
[142/144] reflection/ref_exc_4/P2_naive/run1 ... ok (325ms)
[143/144] reflection/ref_exc_4/P2_naive/run2 ... ok (1189ms)
[144/144] reflection/ref_exc_4/P2_naive/run3 ... ok (321ms)

Done. ok=144 fail=0 total=144
Results written to /Users/leonard/Developer/TOUGHSKILL/Code/docs/reliability-study/results.jsonl
